\BOOKMARK [1][-]{section.1}{\376\377\000S\000c\000o\000p\000e\000,\000\040\000m\000o\000d\000e\000l\000\040\000h\000i\000e\000r\000a\000r\000c\000h\000y\000,\000\040\000a\000n\000d\000\040\000s\000c\000i\000e\000n\000t\000i\000f\000i\000c\000\040\000c\000l\000a\000i\000m}{}% 1
\BOOKMARK [2][-]{subsection.1.1}{\376\377\000W\000h\000y\000\040\000b\000e\000g\000i\000n\000\040\000w\000i\000t\000h\000\040\000a\000\040\000r\000e\000d\000u\000c\000e\000d\000\040\000m\000o\000d\000e\000l\000?}{section.1}% 2
\BOOKMARK [2][-]{subsection.1.2}{\376\377\000A\000\040\000h\000i\000e\000r\000a\000r\000c\000h\000y\000\040\000o\000f\000\040\000d\000e\000s\000c\000r\000i\000p\000t\000i\000o\000n\000s}{section.1}% 3
\BOOKMARK [2][-]{subsection.1.3}{\376\377\000T\000h\000e\000\040\000t\000h\000r\000e\000e\000\040\000c\000l\000a\000i\000m\000s\000\040\000t\000h\000a\000t\000\040\000m\000u\000s\000t\000\040\000r\000e\000m\000a\000i\000n\000\040\000s\000e\000p\000a\000r\000a\000t\000e}{section.1}% 4
\BOOKMARK [1][-]{section.2}{\376\377\000M\000a\000t\000h\000e\000m\000a\000t\000i\000c\000a\000l\000\040\000l\000a\000n\000g\000u\000a\000g\000e\000\040\000u\000s\000e\000d\000\040\000t\000h\000r\000o\000u\000g\000h\000o\000u\000t\000\040\000t\000h\000e\000\040\000m\000o\000d\000u\000l\000e}{}% 5
\BOOKMARK [2][-]{subsection.2.1}{\376\377\000C\000o\000o\000r\000d\000i\000n\000a\000t\000e\000s\000,\000\040\000s\000c\000a\000l\000a\000r\000\040\000f\000i\000e\000l\000d\000s\000,\000\040\000v\000e\000c\000t\000o\000r\000\040\000f\000i\000e\000l\000d\000s\000,\000\040\000a\000n\000d\000\040\000u\000n\000i\000t\000\040\000v\000e\000c\000t\000o\000r\000s}{section.2}% 6
\BOOKMARK [2][-]{subsection.2.2}{\376\377\000P\000a\000r\000t\000i\000a\000l\000\040\000d\000e\000r\000i\000v\000a\000t\000i\000v\000e\000s\000\040\000a\000n\000d\000\040\000t\000h\000e\000\040\000g\000r\000a\000d\000i\000e\000n\000t}{section.2}% 7
\BOOKMARK [2][-]{subsection.2.3}{\376\377\000D\000i\000v\000e\000r\000g\000e\000n\000c\000e\000,\000\040\000c\000u\000r\000l\000,\000\040\000a\000n\000d\000\040\000L\000a\000p\000l\000a\000c\000i\000a\000n}{section.2}% 8
\BOOKMARK [2][-]{subsection.2.4}{\376\377\000L\000o\000c\000a\000l\000\040\000t\000i\000m\000e\000\040\000c\000h\000a\000n\000g\000e\000\040\000a\000n\000d\000\040\000m\000a\000t\000e\000r\000i\000a\000l\000\040\000t\000i\000m\000e\000\040\000c\000h\000a\000n\000g\000e}{section.2}% 9
\BOOKMARK [2][-]{subsection.2.5}{\376\377\000U\000s\000e\000f\000u\000l\000\040\000i\000d\000e\000n\000t\000i\000t\000i\000e\000s}{section.2}% 10
\BOOKMARK [1][-]{section.3}{\376\377\000F\000r\000o\000m\000\040\000p\000a\000r\000t\000i\000c\000l\000e\000s\000\040\000t\000o\000\040\000a\000\040\000c\000o\000n\000d\000u\000c\000t\000i\000n\000g\000\040\000f\000l\000u\000i\000d}{}% 11
\BOOKMARK [2][-]{subsection.3.1}{\376\377\000W\000h\000a\000t\000\040\000i\000s\000\040\000a\000\040\000p\000l\000a\000s\000m\000a\000?}{section.3}% 12
\BOOKMARK [2][-]{subsection.3.2}{\376\377\000T\000h\000r\000e\000e\000\040\000c\000o\000m\000m\000o\000n\000\040\000l\000e\000v\000e\000l\000s\000\040\000o\000f\000\040\000d\000e\000s\000c\000r\000i\000p\000t\000i\000o\000n}{section.3}% 13
\BOOKMARK [2][-]{subsection.3.3}{\376\377\000T\000w\000o\000-\000f\000l\000u\000i\000d\000\040\000a\000n\000d\000\040\000o\000n\000e\000-\000f\000l\000u\000i\000d\000\040\000v\000a\000r\000i\000a\000b\000l\000e\000s}{section.3}% 14
\BOOKMARK [2][-]{subsection.3.4}{\376\377\000W\000h\000a\000t\000\040\000i\000s\000\040\000s\000a\000c\000r\000i\000f\000i\000c\000e\000d\000\040\000i\000n\000\040\000a\000\040\000f\000l\000u\000i\000d\000\040\000r\000e\000d\000u\000c\000t\000i\000o\000n\000?}{section.3}% 15
\BOOKMARK [1][-]{section.4}{\376\377\000P\000h\000y\000s\000i\000c\000a\000l\000\040\000b\000u\000i\000l\000d\000i\000n\000g\000\040\000b\000l\000o\000c\000k\000s\000:\000\040\000e\000l\000e\000c\000t\000r\000o\000m\000a\000g\000n\000e\000t\000i\000s\000m\000\040\000a\000n\000d\000\040\000f\000l\000u\000i\000d\000\040\000c\000o\000n\000s\000e\000r\000v\000a\000t\000i\000o\000n}{}% 16
\BOOKMARK [2][-]{subsection.4.1}{\376\377\000L\000o\000r\000e\000n\000t\000z\000\040\000f\000o\000r\000c\000e}{section.4}% 17
\BOOKMARK [2][-]{subsection.4.2}{\376\377\000R\000e\000d\000u\000c\000e\000d\000\040\000M\000a\000x\000w\000e\000l\000l\000\040\000e\000q\000u\000a\000t\000i\000o\000n\000s\000\040\000u\000s\000e\000d\000\040\000b\000y\000\040\000M\000H\000D}{section.4}% 18
\BOOKMARK [2][-]{subsection.4.3}{\376\377\000C\000o\000n\000s\000e\000r\000v\000a\000t\000i\000o\000n\000\040\000o\000f\000\040\000m\000a\000s\000s}{section.4}% 19
\BOOKMARK [2][-]{subsection.4.4}{\376\377\000C\000o\000n\000s\000e\000r\000v\000a\000t\000i\000o\000n\000\040\000o\000f\000\040\000m\000o\000m\000e\000n\000t\000u\000m}{section.4}% 20
\BOOKMARK [2][-]{subsection.4.5}{\376\377\000T\000h\000e\000r\000m\000o\000d\000y\000n\000a\000m\000i\000c\000\040\000c\000l\000o\000s\000u\000r\000e}{section.4}% 21
\BOOKMARK [1][-]{section.5}{\376\377\000O\000n\000e\000-\000f\000l\000u\000i\000d\000\040\000r\000e\000s\000i\000s\000t\000i\000v\000e\000\040\000m\000a\000g\000n\000e\000t\000o\000h\000y\000d\000r\000o\000d\000y\000n\000a\000m\000i\000c\000s}{}% 22
\BOOKMARK [2][-]{subsection.5.1}{\376\377\000O\000h\000m\000'\000s\000\040\000l\000a\000w\000\040\000i\000n\000\040\000a\000\040\000m\000o\000v\000i\000n\000g\000\040\000c\000o\000n\000d\000u\000c\000t\000i\000n\000g\000\040\000f\000l\000u\000i\000d}{section.5}% 23
\BOOKMARK [2][-]{subsection.5.2}{\376\377\000D\000e\000r\000i\000v\000a\000t\000i\000o\000n\000\040\000o\000f\000\040\000t\000h\000e\000\040\000r\000e\000s\000i\000s\000t\000i\000v\000e\000\040\000i\000n\000d\000u\000c\000t\000i\000o\000n\000\040\000e\000q\000u\000a\000t\000i\000o\000n}{section.5}% 24
\BOOKMARK [2][-]{subsection.5.3}{\376\377\000T\000h\000e\000\040\000o\000n\000e\000-\000f\000l\000u\000i\000d\000\040\000r\000e\000s\000i\000s\000t\000i\000v\000e\000-\000M\000H\000D\000\040\000s\000e\000t}{section.5}% 25
\BOOKMARK [2][-]{subsection.5.4}{\376\377\000I\000d\000e\000a\000l\000\040\000v\000e\000r\000s\000u\000s\000\040\000r\000e\000s\000i\000s\000t\000i\000v\000e\000\040\000M\000H\000D}{section.5}% 26
\BOOKMARK [1][-]{section.6}{\376\377\000A\000s\000s\000u\000m\000p\000t\000i\000o\000n\000s\000\040\000t\000h\000a\000t\000\040\000d\000e\000f\000i\000n\000e\000\040\000t\000h\000e\000\040\000p\000r\000o\000j\000e\000c\000t\000\040\000r\000e\000d\000u\000c\000t\000i\000o\000n}{}% 27
\BOOKMARK [2][-]{subsection.6.1}{\376\377\000T\000w\000o\000-\000d\000i\000m\000e\000n\000s\000i\000o\000n\000a\000l\000\040\000g\000e\000o\000m\000e\000t\000r\000y\000\040\000a\000n\000d\000\040\000t\000h\000e\000\040\000g\000u\000i\000d\000e\000\040\000f\000i\000e\000l\000d}{section.6}% 28
\BOOKMARK [2][-]{subsection.6.2}{\376\377\000C\000o\000n\000s\000t\000a\000n\000t\000\040\000d\000e\000n\000s\000i\000t\000y\000\040\000a\000n\000d\000\040\000i\000n\000c\000o\000m\000p\000r\000e\000s\000s\000i\000b\000i\000l\000i\000t\000y}{section.6}% 29
\BOOKMARK [2][-]{subsection.6.3}{\376\377\000W\000h\000y\000\040\000p\000r\000e\000s\000s\000u\000r\000e\000\040\000d\000i\000s\000a\000p\000p\000e\000a\000r\000s\000\040\000b\000u\000t\000\040\000i\000s\000\040\000n\000o\000t\000\040\000p\000h\000y\000s\000i\000c\000a\000l\000l\000y\000\040\000a\000b\000s\000e\000n\000t}{section.6}% 30
\BOOKMARK [1][-]{section.7}{\376\377\000F\000l\000u\000x\000\040\000a\000n\000d\000\040\000s\000t\000r\000e\000a\000m\000\040\000f\000u\000n\000c\000t\000i\000o\000n\000s\000:\000\040\000b\000u\000i\000l\000d\000i\000n\000g\000\040\000d\000i\000v\000e\000r\000g\000e\000n\000c\000e\000-\000f\000r\000e\000e\000\040\000f\000i\000e\000l\000d\000s}{}% 31
\BOOKMARK [2][-]{subsection.7.1}{\376\377\000M\000a\000g\000n\000e\000t\000i\000c\000-\000f\000l\000u\000x\000\040\000f\000u\000n\000c\000t\000i\000o\000n}{section.7}% 32
\BOOKMARK [2][-]{subsection.7.2}{\376\377\000F\000l\000o\000w\000\040\000s\000t\000r\000e\000a\000m\000\040\000f\000u\000n\000c\000t\000i\000o\000n}{section.7}% 33
\BOOKMARK [2][-]{subsection.7.3}{\376\377\000C\000u\000r\000r\000e\000n\000t\000\040\000d\000e\000n\000s\000i\000t\000y\000\040\000f\000r\000o\000m\000\040\000t\000h\000e\000\040\000f\000l\000u\000x\000\040\000f\000u\000n\000c\000t\000i\000o\000n}{section.7}% 34
\BOOKMARK [2][-]{subsection.7.4}{\376\377\000V\000o\000r\000t\000i\000c\000i\000t\000y\000\040\000f\000r\000o\000m\000\040\000t\000h\000e\000\040\000s\000t\000r\000e\000a\000m\000\040\000f\000u\000n\000c\000t\000i\000o\000n}{section.7}% 35
\BOOKMARK [1][-]{section.8}{\376\377\000T\000h\000e\000\040\000P\000o\000i\000s\000s\000o\000n\000\040\000b\000r\000a\000c\000k\000e\000t\000\040\000a\000n\000d\000\040\000t\000w\000o\000-\000d\000i\000m\000e\000n\000s\000i\000o\000n\000a\000l\000\040\000a\000d\000v\000e\000c\000t\000i\000o\000n}{}% 36
\BOOKMARK [2][-]{subsection.8.1}{\376\377\000D\000e\000f\000i\000n\000i\000t\000i\000o\000n}{section.8}% 37
\BOOKMARK [2][-]{subsection.8.2}{\376\377\000T\000h\000e\000\040\000b\000r\000a\000c\000k\000e\000t\000\040\000i\000s\000\040\000a\000d\000v\000e\000c\000t\000i\000o\000n\000\040\000b\000y\000\040\000t\000h\000e\000\040\000s\000t\000r\000e\000a\000m\000-\000f\000u\000n\000c\000t\000i\000o\000n\000\040\000f\000l\000o\000w}{section.8}% 38
\BOOKMARK [2][-]{subsection.8.3}{\376\377\000A\000l\000g\000e\000b\000r\000a\000i\000c\000\040\000p\000r\000o\000p\000e\000r\000t\000i\000e\000s}{section.8}% 39
\BOOKMARK [2][-]{subsection.8.4}{\376\377\000I\000n\000t\000e\000g\000r\000a\000l\000\040\000i\000d\000e\000n\000t\000i\000t\000i\000e\000s\000\040\000o\000n\000\040\000a\000\040\000p\000e\000r\000i\000o\000d\000i\000c\000\040\000d\000o\000m\000a\000i\000n}{section.8}% 40
\BOOKMARK [1][-]{section.9}{\376\377\000D\000e\000r\000i\000v\000a\000t\000i\000o\000n\000\040\000o\000f\000\040\000t\000h\000e\000\040\000m\000a\000g\000n\000e\000t\000i\000c\000-\000f\000l\000u\000x\000\040\000e\000q\000u\000a\000t\000i\000o\000n}{}% 41
\BOOKMARK [2][-]{subsection.9.1}{\376\377\000V\000e\000c\000t\000o\000r\000-\000p\000o\000t\000e\000n\000t\000i\000a\000l\000\040\000g\000a\000u\000g\000e\000\040\000u\000s\000e\000d\000\040\000i\000n\000\040\000t\000w\000o\000\040\000d\000i\000m\000e\000n\000s\000i\000o\000n\000s}{section.9}% 42
\BOOKMARK [2][-]{subsection.9.2}{\376\377\000T\000h\000e\000\040\000o\000u\000t\000-\000o\000f\000-\000p\000l\000a\000n\000e\000\040\000c\000o\000m\000p\000o\000n\000e\000n\000t\000\040\000o\000f\000\040\000O\000h\000m\000'\000s\000\040\000l\000a\000w}{section.9}% 43
\BOOKMARK [2][-]{subsection.9.3}{\376\377\000P\000h\000y\000s\000i\000c\000a\000l\000\040\000i\000n\000t\000e\000r\000p\000r\000e\000t\000a\000t\000i\000o\000n}{section.9}% 44
\BOOKMARK [1][-]{section.10}{\376\377\000D\000e\000r\000i\000v\000a\000t\000i\000o\000n\000\040\000o\000f\000\040\000t\000h\000e\000\040\000v\000o\000r\000t\000i\000c\000i\000t\000y\000\040\000e\000q\000u\000a\000t\000i\000o\000n}{}% 45
\BOOKMARK [2][-]{subsection.10.1}{\376\377\000B\000e\000g\000i\000n\000\040\000w\000i\000t\000h\000\040\000i\000n\000c\000o\000m\000p\000r\000e\000s\000s\000i\000b\000l\000e\000\040\000m\000o\000m\000e\000n\000t\000u\000m\000\040\000b\000a\000l\000a\000n\000c\000e}{section.10}% 46
\BOOKMARK [2][-]{subsection.10.2}{\376\377\000T\000i\000m\000e\000\040\000d\000e\000r\000i\000v\000a\000t\000i\000v\000e}{section.10}% 47
\BOOKMARK [2][-]{subsection.10.3}{\376\377\000N\000o\000n\000l\000i\000n\000e\000a\000r\000\040\000i\000n\000e\000r\000t\000i\000a\000\040\000b\000e\000c\000o\000m\000e\000s\000\040\000v\000o\000r\000t\000i\000c\000i\000t\000y\000\040\000a\000d\000v\000e\000c\000t\000i\000o\000n}{section.10}% 48
\BOOKMARK [2][-]{subsection.10.4}{\376\377\000P\000r\000e\000s\000s\000u\000r\000e\000\040\000v\000a\000n\000i\000s\000h\000e\000s\000\040\000u\000n\000d\000e\000r\000\040\000c\000u\000r\000l}{section.10}% 49
\BOOKMARK [2][-]{subsection.10.5}{\376\377\000L\000o\000r\000e\000n\000t\000z\000\040\000f\000o\000r\000c\000e\000\040\000b\000e\000c\000o\000m\000e\000s\000\040\000t\000h\000e\000\040\000m\000a\000g\000n\000e\000t\000i\000c\000\040\000b\000r\000a\000c\000k\000e\000t}{section.10}% 50
\BOOKMARK [2][-]{subsection.10.6}{\376\377\000V\000i\000s\000c\000o\000s\000i\000t\000y\000\040\000d\000i\000f\000f\000u\000s\000e\000s\000\040\000v\000o\000r\000t\000i\000c\000i\000t\000y}{section.10}% 51
\BOOKMARK [2][-]{subsection.10.7}{\376\377\000D\000i\000m\000e\000n\000s\000i\000o\000n\000a\000l\000\040\000v\000o\000r\000t\000i\000c\000i\000t\000y\000\040\000e\000q\000u\000a\000t\000i\000o\000n}{section.10}% 52
\BOOKMARK [1][-]{section.11}{\376\377\000N\000o\000n\000d\000i\000m\000e\000n\000s\000i\000o\000n\000a\000l\000i\000z\000a\000t\000i\000o\000n\000\040\000a\000n\000d\000\040\000c\000h\000a\000r\000a\000c\000t\000e\000r\000i\000s\000t\000i\000c\000\040\000t\000i\000m\000e\000\040\000s\000c\000a\000l\000e\000s}{}% 53
\BOOKMARK [2][-]{subsection.11.1}{\376\377\000W\000h\000y\000\040\000n\000o\000n\000d\000i\000m\000e\000n\000s\000i\000o\000n\000a\000l\000i\000z\000e\000?}{section.11}% 54
\BOOKMARK [2][-]{subsection.11.2}{\376\377\000R\000e\000f\000e\000r\000e\000n\000c\000e\000\040\000s\000c\000a\000l\000e\000s}{section.11}% 55
\BOOKMARK [2][-]{subsection.11.3}{\376\377\000D\000i\000m\000e\000n\000s\000i\000o\000n\000l\000e\000s\000s\000\040\000v\000a\000r\000i\000a\000b\000l\000e\000s}{section.11}% 56
\BOOKMARK [2][-]{subsection.11.4}{\376\377\000D\000i\000m\000e\000n\000s\000i\000o\000n\000l\000e\000s\000s\000\040\000d\000i\000f\000f\000u\000s\000i\000v\000i\000t\000i\000e\000s}{section.11}% 57
\BOOKMARK [2][-]{subsection.11.5}{\376\377\000L\000u\000n\000d\000q\000u\000i\000s\000t\000,\000\040\000R\000e\000y\000n\000o\000l\000d\000s\000,\000\040\000a\000n\000d\000\040\000m\000a\000g\000n\000e\000t\000i\000c\000\040\000P\000r\000a\000n\000d\000t\000l\000\040\000n\000u\000m\000b\000e\000r\000s}{section.11}% 58
\BOOKMARK [2][-]{subsection.11.6}{\376\377\000T\000i\000m\000e\000-\000s\000c\000a\000l\000e\000\040\000i\000n\000t\000e\000r\000p\000r\000e\000t\000a\000t\000i\000o\000n}{section.11}% 59
\BOOKMARK [2][-]{subsection.11.7}{\376\377\000T\000h\000e\000\040\000d\000i\000m\000e\000n\000s\000i\000o\000n\000l\000e\000s\000s\000\040\000d\000o\000m\000a\000i\000n\000\040\000u\000s\000e\000d\000\040\000b\000y\000\040\000v\000e\000r\000s\000i\000o\000n\000\040\0001}{section.11}% 60
\BOOKMARK [2][-]{subsection.11.8}{\376\377\000P\000h\000y\000s\000i\000c\000a\000l\000\040\000n\000o\000n\000d\000i\000m\000e\000n\000s\000i\000o\000n\000a\000l\000i\000z\000a\000t\000i\000o\000n\000\040\000v\000e\000r\000s\000u\000s\000\040\000n\000e\000u\000r\000a\000l\000\040\000i\000n\000p\000u\000t\000\040\000s\000c\000a\000l\000i\000n\000g}{section.11}% 61
\BOOKMARK [1][-]{section.12}{\376\377\000T\000h\000e\000\040\000f\000r\000o\000z\000e\000n\000\040\000t\000w\000o\000-\000f\000i\000e\000l\000d\000\040\000m\000o\000d\000e\000l}{}% 62
\BOOKMARK [2][-]{subsection.12.1}{\376\377\000D\000o\000m\000a\000i\000n\000\040\000a\000n\000d\000\040\000f\000i\000e\000l\000d\000s}{section.12}% 63
\BOOKMARK [2][-]{subsection.12.2}{\376\377\000E\000v\000o\000l\000u\000t\000i\000o\000n\000\040\000e\000q\000u\000a\000t\000i\000o\000n\000s}{section.12}% 64
\BOOKMARK [2][-]{subsection.12.3}{\376\377\000T\000e\000r\000m\000-\000b\000y\000-\000t\000e\000r\000m\000\040\000i\000n\000t\000e\000r\000p\000r\000e\000t\000a\000t\000i\000o\000n}{section.12}% 65
\BOOKMARK [2][-]{subsection.12.4}{\376\377\000P\000r\000i\000m\000a\000r\000y\000\040\000f\000i\000e\000l\000d\000s\000\040\000v\000e\000r\000s\000u\000s\000\040\000p\000r\000o\000g\000n\000o\000s\000t\000i\000c\000\040\000v\000a\000r\000i\000a\000b\000l\000e\000s}{section.12}% 66
\BOOKMARK [2][-]{subsection.12.5}{\376\377\000U\000s\000e\000f\000u\000l\000\040\000l\000i\000m\000i\000t\000i\000n\000g\000\040\000c\000a\000s\000e\000s}{section.12}% 67
\BOOKMARK [1][-]{section.13}{\376\377\000P\000e\000r\000i\000o\000d\000i\000c\000\040\000b\000o\000u\000n\000d\000a\000r\000i\000e\000s\000,\000\040\000g\000a\000u\000g\000e\000\040\000f\000r\000e\000e\000d\000o\000m\000,\000\040\000a\000n\000d\000\040\000z\000e\000r\000o\000\040\000m\000o\000d\000e\000s}{}% 68
\BOOKMARK [2][-]{subsection.13.1}{\376\377\000D\000o\000u\000b\000l\000y\000\040\000p\000e\000r\000i\000o\000d\000i\000c\000\040\000b\000o\000u\000n\000d\000a\000r\000y\000\040\000c\000o\000n\000d\000i\000t\000i\000o\000n\000s}{section.13}% 69
\BOOKMARK [2][-]{subsection.13.2}{\376\377\000G\000a\000u\000g\000e\000\040\000f\000r\000e\000e\000d\000o\000m\000\040\000o\000f\000\040\000t\000h\000e\000\040\000s\000t\000r\000e\000a\000m\000\040\000f\000u\000n\000c\000t\000i\000o\000n}{section.13}% 70
\BOOKMARK [2][-]{subsection.13.3}{\376\377\000G\000a\000u\000g\000e\000\040\000a\000n\000d\000\040\000m\000e\000a\000n\000\040\000v\000a\000l\000u\000e\000\040\000o\000f\000\040\000t\000h\000e\000\040\000f\000l\000u\000x\000\040\000f\000u\000n\000c\000t\000i\000o\000n}{section.13}% 71
\BOOKMARK [2][-]{subsection.13.4}{\376\377\000C\000o\000n\000s\000e\000q\000u\000e\000n\000c\000e\000s\000\040\000o\000f\000\040\000s\000t\000r\000i\000c\000t\000\040\000p\000e\000r\000i\000o\000d\000i\000c\000i\000t\000y}{section.13}% 72
\BOOKMARK [2][-]{subsection.13.5}{\376\377\000I\000n\000i\000t\000i\000a\000l\000-\000c\000o\000n\000d\000i\000t\000i\000o\000n\000\040\000c\000o\000m\000p\000a\000t\000i\000b\000i\000l\000i\000t\000y}{section.13}% 73
\BOOKMARK [1][-]{section.14}{\376\377\000E\000n\000e\000r\000g\000y\000,\000\040\000i\000n\000v\000a\000r\000i\000a\000n\000t\000s\000,\000\040\000a\000n\000d\000\040\000d\000i\000s\000s\000i\000p\000a\000t\000i\000o\000n}{}% 74
\BOOKMARK [2][-]{subsection.14.1}{\376\377\000M\000a\000g\000n\000e\000t\000i\000c\000\040\000a\000n\000d\000\040\000k\000i\000n\000e\000t\000i\000c\000\040\000e\000n\000e\000r\000g\000y}{section.14}% 75
\BOOKMARK [2][-]{subsection.14.2}{\376\377\000M\000a\000g\000n\000e\000t\000i\000c\000-\000e\000n\000e\000r\000g\000y\000\040\000e\000q\000u\000a\000t\000i\000o\000n}{section.14}% 76
\BOOKMARK [2][-]{subsection.14.3}{\376\377\000K\000i\000n\000e\000t\000i\000c\000-\000e\000n\000e\000r\000g\000y\000\040\000e\000q\000u\000a\000t\000i\000o\000n}{section.14}% 77
\BOOKMARK [2][-]{subsection.14.4}{\376\377\000T\000o\000t\000a\000l\000-\000e\000n\000e\000r\000g\000y\000\040\000l\000a\000w}{section.14}% 78
\BOOKMARK [2][-]{subsection.14.5}{\376\377\000M\000e\000a\000n\000-\000s\000q\000u\000a\000r\000e\000\040\000m\000a\000g\000n\000e\000t\000i\000c\000\040\000p\000o\000t\000e\000n\000t\000i\000a\000l}{section.14}% 79
\BOOKMARK [2][-]{subsection.14.6}{\376\377\000C\000r\000o\000s\000s\000\040\000h\000e\000l\000i\000c\000i\000t\000y\000\040\000i\000n\000\040\000t\000w\000o\000\040\000d\000i\000m\000e\000n\000s\000i\000o\000n\000s}{section.14}% 80
\BOOKMARK [2][-]{subsection.14.7}{\376\377\000V\000o\000r\000t\000i\000c\000i\000t\000y\000\040\000a\000n\000d\000\040\000c\000u\000r\000r\000e\000n\000t\000\040\000m\000e\000a\000n\000s}{section.14}% 81
\BOOKMARK [2][-]{subsection.14.8}{\376\377\000E\000n\000s\000t\000r\000o\000p\000h\000y}{section.14}% 82
\BOOKMARK [1][-]{section.15}{\376\377\000M\000a\000g\000n\000e\000t\000i\000c\000\040\000t\000o\000p\000o\000l\000o\000g\000y\000,\000\040\000c\000u\000r\000r\000e\000n\000t\000\040\000s\000h\000e\000e\000t\000s\000,\000\040\000a\000n\000d\000\040\000r\000e\000c\000o\000n\000n\000e\000c\000t\000i\000o\000n}{}% 83
\BOOKMARK [2][-]{subsection.15.1}{\376\377\000F\000l\000u\000x\000\040\000c\000o\000n\000t\000o\000u\000r\000s\000\040\000a\000r\000e\000\040\000f\000i\000e\000l\000d\000\040\000l\000i\000n\000e\000s}{section.15}% 84
\BOOKMARK [2][-]{subsection.15.2}{\376\377\000F\000r\000o\000z\000e\000n\000\040\000t\000o\000p\000o\000l\000o\000g\000y\000\040\000i\000n\000\040\000t\000h\000e\000\040\000i\000d\000e\000a\000l\000\040\000m\000o\000d\000e\000l}{section.15}% 85
\BOOKMARK [2][-]{subsection.15.3}{\376\377\000H\000o\000w\000\040\000r\000e\000s\000i\000s\000t\000i\000v\000i\000t\000y\000\040\000e\000n\000a\000b\000l\000e\000s\000\040\000r\000e\000c\000o\000n\000n\000e\000c\000t\000i\000o\000n}{section.15}% 86
\BOOKMARK [2][-]{subsection.15.4}{\376\377\000C\000u\000r\000r\000e\000n\000t\000-\000s\000h\000e\000e\000t\000\040\000f\000o\000r\000m\000a\000t\000i\000o\000n}{section.15}% 87
\BOOKMARK [2][-]{subsection.15.5}{\376\377\000M\000a\000g\000n\000e\000t\000i\000c\000\040\000i\000s\000l\000a\000n\000d\000s\000\040\000a\000n\000d\000\040\000c\000o\000a\000l\000e\000s\000c\000e\000n\000c\000e}{section.15}% 88
\BOOKMARK [2][-]{subsection.15.6}{\376\377\000A\000\040\000q\000u\000a\000l\000i\000t\000a\000t\000i\000v\000e\000\040\000S\000w\000e\000e\000t\000-\000P\000a\000r\000k\000e\000r\000\040\000s\000c\000a\000l\000e\000\040\000e\000s\000t\000i\000m\000a\000t\000e}{section.15}% 89
\BOOKMARK [1][-]{section.16}{\376\377\000F\000r\000o\000m\000\040\000e\000q\000u\000a\000t\000i\000o\000n\000s\000\040\000t\000o\000\040\000p\000h\000y\000s\000i\000c\000s\000-\000i\000n\000f\000o\000r\000m\000e\000d\000\040\000r\000e\000s\000i\000d\000u\000a\000l\000s}{}% 90
\BOOKMARK [2][-]{subsection.16.1}{\376\377\000W\000h\000a\000t\000\040\000a\000n\000\040\000e\000q\000u\000a\000t\000i\000o\000n\000\040\000r\000e\000s\000i\000d\000u\000a\000l\000\040\000m\000e\000a\000n\000s}{section.16}% 91
\BOOKMARK [2][-]{subsection.16.2}{\376\377\000R\000e\000s\000i\000d\000u\000a\000l\000\040\000l\000o\000s\000s\000e\000s\000\040\000d\000o\000\040\000n\000o\000t\000\040\000r\000e\000p\000l\000a\000c\000e\000\040\000d\000a\000t\000a\000\040\000a\000u\000t\000o\000m\000a\000t\000i\000c\000a\000l\000l\000y}{section.16}% 92
\BOOKMARK [2][-]{subsection.16.3}{\376\377\000D\000e\000r\000i\000v\000a\000t\000i\000v\000e\000\040\000o\000r\000d\000e\000r\000\040\000i\000n\000\040\000t\000h\000e\000\040\000d\000i\000r\000e\000c\000t\000\040\000\050\000,\000U\000\051\000\040\000f\000o\000r\000m\000u\000l\000a\000t\000i\000o\000n}{section.16}% 93
\BOOKMARK [2][-]{subsection.16.4}{\376\377\000P\000e\000r\000i\000o\000d\000i\000c\000\040\000a\000n\000d\000\040\000g\000a\000u\000g\000e\000\040\000r\000e\000s\000i\000d\000u\000a\000l\000s}{section.16}% 94
\BOOKMARK [2][-]{subsection.16.5}{\376\377\000G\000l\000o\000b\000a\000l\000\040\000b\000a\000l\000a\000n\000c\000e\000\040\000a\000s\000\040\000a\000\040\000d\000i\000a\000g\000n\000o\000s\000t\000i\000c\000\040\000o\000r\000\040\000l\000o\000s\000s}{section.16}% 95
\BOOKMARK [2][-]{subsection.16.6}{\376\377\000P\000a\000r\000a\000m\000e\000t\000e\000r\000\040\000c\000o\000n\000d\000i\000t\000i\000o\000n\000i\000n\000g}{section.16}% 96
\BOOKMARK [1][-]{section.17}{\376\377\000R\000e\000l\000a\000t\000i\000o\000n\000s\000h\000i\000p\000\040\000t\000o\000\040\000M\0003\000D\000-\000C\0001}{}% 97
\BOOKMARK [2][-]{subsection.17.1}{\376\377\000W\000h\000a\000t\000\040\000M\0003\000D\000-\000C\0001\000\040\000i\000s}{section.17}% 98
\BOOKMARK [2][-]{subsection.17.2}{\376\377\000C\000o\000n\000c\000e\000p\000t\000u\000a\000l\000\040\000c\000o\000n\000n\000e\000c\000t\000i\000o\000n\000\040\000w\000i\000t\000h\000o\000u\000t\000\040\000f\000a\000l\000s\000e\000\040\000e\000q\000u\000i\000v\000a\000l\000e\000n\000c\000e}{section.17}% 99
\BOOKMARK [2][-]{subsection.17.3}{\376\377\000W\000h\000a\000t\000\040\000t\000h\000e\000\040\000p\000r\000o\000o\000f\000\040\000o\000f\000\040\000c\000o\000n\000c\000e\000p\000t\000\040\000l\000e\000g\000i\000t\000i\000m\000a\000t\000e\000l\000y\000\040\000d\000e\000m\000o\000n\000s\000t\000r\000a\000t\000e\000s}{section.17}% 100
\BOOKMARK [1][-]{section.18}{\376\377\000W\000o\000r\000k\000e\000d\000\040\000a\000n\000a\000l\000y\000t\000i\000c\000\040\000e\000x\000a\000m\000p\000l\000e\000s}{}% 101
\BOOKMARK [2][-]{subsection.18.1}{\376\377\000E\000x\000a\000m\000p\000l\000e\000\040\0001\000:\000\040\000a\000\040\000s\000i\000n\000g\000l\000e\000\040\000m\000a\000g\000n\000e\000t\000i\000c\000\040\000F\000o\000u\000r\000i\000e\000r\000\040\000m\000o\000d\000e}{section.18}% 102
\BOOKMARK [2][-]{subsection.18.2}{\376\377\000E\000x\000a\000m\000p\000l\000e\000\040\0002\000:\000\040\000a\000\040\000s\000i\000n\000g\000l\000e\000\040\000v\000i\000s\000c\000o\000u\000s\000l\000y\000\040\000d\000e\000c\000a\000y\000i\000n\000g\000\040\000f\000l\000o\000w\000\040\000m\000o\000d\000e}{section.18}% 103
\BOOKMARK [2][-]{subsection.18.3}{\376\377\000E\000x\000a\000m\000p\000l\000e\000\040\0003\000:\000\040\000t\000h\000e\000\040\000b\000r\000a\000c\000k\000e\000t\000\040\000a\000s\000\040\000a\000d\000v\000e\000c\000t\000i\000o\000n}{section.18}% 104
\BOOKMARK [2][-]{subsection.18.4}{\376\377\000E\000x\000a\000m\000p\000l\000e\000\040\0004\000:\000\040\000a\000n\000\040\000i\000d\000e\000a\000l\000\040\000s\000t\000a\000t\000i\000c\000\040\000e\000q\000u\000i\000l\000i\000b\000r\000i\000u\000m\000\040\000f\000a\000m\000i\000l\000y}{section.18}% 105
\BOOKMARK [2][-]{subsection.18.5}{\376\377\000E\000x\000a\000m\000p\000l\000e\000\040\0005\000:\000\040\000e\000n\000e\000r\000g\000y\000\040\000d\000e\000c\000a\000y\000\040\000o\000f\000\040\000t\000h\000e\000\040\000m\000a\000g\000n\000e\000t\000i\000c\000\040\000m\000o\000d\000e}{section.18}% 106
\BOOKMARK [1][-]{section.19}{\376\377\000V\000e\000r\000i\000f\000i\000c\000a\000t\000i\000o\000n\000\040\000i\000d\000e\000n\000t\000i\000t\000i\000e\000s\000\040\000a\000n\000d\000\040\000m\000a\000n\000d\000a\000t\000o\000r\000y\000\040\000c\000o\000n\000v\000e\000n\000t\000i\000o\000n\000\040\000t\000e\000s\000t\000s}{}% 107
\BOOKMARK [2][-]{subsection.19.1}{\376\377\000D\000i\000f\000f\000e\000r\000e\000n\000t\000i\000a\000l\000\040\000i\000d\000e\000n\000t\000i\000t\000y\000\040\000t\000e\000s\000t\000s}{section.19}% 108
\BOOKMARK [2][-]{subsection.19.2}{\376\377\000A\000n\000a\000l\000y\000t\000i\000c\000\040\000e\000v\000o\000l\000u\000t\000i\000o\000n\000\040\000t\000e\000s\000t\000s}{section.19}% 109
\BOOKMARK [2][-]{subsection.19.3}{\376\377\000I\000n\000t\000e\000g\000r\000a\000l\000-\000b\000a\000l\000a\000n\000c\000e\000\040\000t\000e\000s\000t\000s}{section.19}% 110
\BOOKMARK [2][-]{subsection.19.4}{\376\377\000W\000h\000y\000\040\000v\000i\000s\000u\000a\000l\000\040\000p\000l\000a\000u\000s\000i\000b\000i\000l\000i\000t\000y\000\040\000i\000s\000\040\000i\000n\000s\000u\000f\000f\000i\000c\000i\000e\000n\000t}{section.19}% 111
\BOOKMARK [1][-]{section.20}{\376\377\000C\000o\000m\000m\000o\000n\000\040\000m\000i\000s\000c\000o\000n\000c\000e\000p\000t\000i\000o\000n\000s\000\040\000a\000n\000d\000\040\000s\000i\000g\000n\000\040\000t\000r\000a\000p\000s}{}% 112
\BOOKMARK [2][-]{subsection.20.1}{\376\377\000`\000`\000\040\000i\000s\000\040\000t\000h\000e\000\040\000m\000a\000g\000n\000e\000t\000i\000c\000\040\000f\000i\000e\000l\000d\000'\000'}{section.20}% 113
\BOOKMARK [2][-]{subsection.20.2}{\376\377\000`\000`\000U\000\040\000i\000s\000\040\000a\000\040\000v\000e\000l\000o\000c\000i\000t\000y\000\040\000c\000o\000m\000p\000o\000n\000e\000n\000t\000'\000'}{section.20}% 114
\BOOKMARK [2][-]{subsection.20.3}{\376\377\000`\000`\000J\000\040\000i\000s\000\040\000t\000h\000e\000\040\000c\000u\000r\000r\000e\000n\000t\000\040\000d\000e\000n\000s\000i\000t\000y\000\040\000i\000n\000\040\000a\000m\000p\000e\000r\000e\000s\000\040\000p\000e\000r\000\040\000s\000q\000u\000a\000r\000e\000\040\000m\000e\000t\000e\000r\000'\000'}{section.20}% 115
\BOOKMARK [2][-]{subsection.20.4}{\376\377\000`\000`\000R\000e\000s\000i\000s\000t\000i\000v\000i\000t\000y\000\040\000a\000n\000d\000\040\000m\000a\000g\000n\000e\000t\000i\000c\000\040\000d\000i\000f\000f\000u\000s\000i\000v\000i\000t\000y\000\040\000h\000a\000v\000e\000\040\000t\000h\000e\000\040\000s\000a\000m\000e\000\040\000u\000n\000i\000t\000s\000'\000'}{section.20}% 116
\BOOKMARK [2][-]{subsection.20.5}{\376\377\000`\000`\000A\000\040\000s\000m\000a\000l\000l\000\040\000\040\000c\000a\000n\000\040\000b\000e\000\040\000i\000g\000n\000o\000r\000e\000d\000\040\000e\000v\000e\000r\000y\000w\000h\000e\000r\000e\000'\000'}{section.20}% 117
\BOOKMARK [2][-]{subsection.20.6}{\376\377\000`\000`\000I\000n\000c\000o\000m\000p\000r\000e\000s\000s\000i\000b\000l\000e\000\040\000m\000e\000a\000n\000s\000\040\000m\000o\000t\000i\000o\000n\000l\000e\000s\000s\000\040\000o\000r\000\040\000u\000n\000i\000f\000o\000r\000m\000'\000'}{section.20}% 118
\BOOKMARK [2][-]{subsection.20.7}{\376\377\000`\000`\000T\000w\000o\000-\000d\000i\000m\000e\000n\000s\000i\000o\000n\000a\000l\000\040\000m\000e\000a\000n\000s\000\040\000e\000v\000e\000r\000y\000\040\000v\000e\000c\000t\000o\000r\000\040\000h\000a\000s\000\040\000t\000w\000o\000\040\000c\000o\000m\000p\000o\000n\000e\000n\000t\000s\000'\000'}{section.20}% 119
\BOOKMARK [2][-]{subsection.20.8}{\376\377\000`\000`\000P\000r\000e\000s\000s\000u\000r\000e\000\040\000w\000a\000s\000\040\000s\000e\000t\000\040\000t\000o\000\040\000z\000e\000r\000o\000'\000'}{section.20}% 120
\BOOKMARK [2][-]{subsection.20.9}{\376\377\000`\000`\000R\000e\000d\000u\000c\000e\000d\000\040\000M\000H\000D\000\040\000a\000n\000d\000\040\000f\000u\000l\000l\000\040\000M\0003\000D\000-\000C\0001\000\040\000a\000r\000e\000\040\000t\000h\000e\000\040\000s\000a\000m\000e\000\040\000e\000q\000u\000a\000t\000i\000o\000n\000s\000'\000'}{section.20}% 121
\BOOKMARK [2][-]{subsection.20.10}{\376\377\000`\000`\000A\000\040\000P\000I\000N\000N\000\040\000r\000e\000s\000i\000d\000u\000a\000l\000\040\000i\000s\000\040\000j\000u\000s\000t\000\040\000a\000n\000o\000t\000h\000e\000r\000\040\000r\000e\000g\000r\000e\000s\000s\000i\000o\000n\000\040\000e\000r\000r\000o\000r\000'\000'}{section.20}% 122
\BOOKMARK [2][-]{subsection.20.11}{\376\377\000`\000`\000N\000u\000m\000e\000r\000i\000c\000a\000l\000\040\000d\000i\000f\000f\000u\000s\000i\000o\000n\000\040\000a\000n\000d\000\040\000p\000h\000y\000s\000i\000c\000a\000l\000\040\000d\000i\000f\000f\000u\000s\000i\000o\000n\000\040\000a\000r\000e\000\040\000i\000n\000t\000e\000r\000c\000h\000a\000n\000g\000e\000a\000b\000l\000e\000'\000'}{section.20}% 123
\BOOKMARK [1][-]{section.21}{\376\377\000M\000o\000d\000u\000l\000e\000-\0001\000\040\000c\000o\000m\000p\000u\000t\000a\000t\000i\000o\000n\000a\000l\000\040\000c\000o\000n\000t\000r\000a\000c\000t}{}% 124
\BOOKMARK [2][-]{subsection.21.1}{\376\377\000S\000t\000a\000t\000e\000\040\000a\000n\000d\000\040\000p\000a\000r\000a\000m\000e\000t\000e\000r\000\040\000c\000o\000n\000t\000r\000a\000c\000t}{section.21}% 125
\BOOKMARK [2][-]{subsection.21.2}{\376\377\000E\000q\000u\000a\000t\000i\000o\000n\000\040\000c\000o\000n\000t\000r\000a\000c\000t}{section.21}% 126
\BOOKMARK [2][-]{subsection.21.3}{\376\377\000B\000o\000u\000n\000d\000a\000r\000y\000\040\000a\000n\000d\000\040\000g\000a\000u\000g\000e\000\040\000c\000o\000n\000t\000r\000a\000c\000t}{section.21}% 127
\BOOKMARK [2][-]{subsection.21.4}{\376\377\000D\000i\000a\000g\000n\000o\000s\000t\000i\000c\000\040\000c\000o\000n\000t\000r\000a\000c\000t}{section.21}% 128
\BOOKMARK [2][-]{subsection.21.5}{\376\377\000R\000e\000q\000u\000i\000r\000e\000d\000\040\000p\000r\000o\000v\000e\000n\000a\000n\000c\000e}{section.21}% 129
\BOOKMARK [1][-]{section.22}{\376\377\000S\000u\000m\000m\000a\000r\000y\000\040\000a\000n\000d\000\040\000b\000r\000i\000d\000g\000e\000\040\000t\000o\000\040\000M\000o\000d\000u\000l\000e\000\040\0002}{}% 130
\BOOKMARK [1][-]{appendix.A}{\376\377\000C\000o\000m\000p\000o\000n\000e\000n\000t\000-\000b\000y\000-\000c\000o\000m\000p\000o\000n\000e\000n\000t\000\040\000s\000i\000g\000n\000\040\000a\000u\000d\000i\000t}{}% 131
\BOOKMARK [2][-]{subsection.A.1}{\376\377\000M\000a\000g\000n\000e\000t\000i\000c\000\040\000f\000i\000e\000l\000d\000\040\000a\000n\000d\000\040\000c\000u\000r\000r\000e\000n\000t}{appendix.A}% 132
\BOOKMARK [2][-]{subsection.A.2}{\376\377\000V\000e\000l\000o\000c\000i\000t\000y\000\040\000a\000n\000d\000\040\000v\000o\000r\000t\000i\000c\000i\000t\000y}{appendix.A}% 133
\BOOKMARK [2][-]{subsection.A.3}{\376\377\000A\000d\000v\000e\000c\000t\000i\000o\000n}{appendix.A}% 134
\BOOKMARK [2][-]{subsection.A.4}{\376\377\000F\000l\000u\000x\000\040\000e\000q\000u\000a\000t\000i\000o\000n}{appendix.A}% 135
\BOOKMARK [2][-]{subsection.A.5}{\376\377\000L\000o\000r\000e\000n\000t\000z\000\040\000b\000r\000a\000c\000k\000e\000t}{appendix.A}% 136
\BOOKMARK [1][-]{appendix.B}{\376\377\000V\000e\000c\000t\000o\000r\000\040\000a\000n\000d\000\040\000i\000n\000t\000e\000g\000r\000a\000l\000\040\000i\000d\000e\000n\000t\000i\000t\000i\000e\000s\000\040\000u\000s\000e\000d\000\040\000i\000n\000\040\000t\000h\000e\000\040\000e\000n\000e\000r\000g\000y\000\040\000p\000r\000o\000o\000f}{}% 137
\BOOKMARK [1][-]{appendix.C}{\376\377\000S\000y\000m\000b\000o\000l\000\040\000t\000a\000b\000l\000e}{}% 138
\BOOKMARK [1][-]{appendix.D}{\376\377\000A\000c\000r\000o\000n\000y\000m\000\040\000a\000n\000d\000\040\000t\000e\000r\000m\000i\000n\000o\000l\000o\000g\000y\000\040\000t\000a\000b\000l\000e}{}% 139
\BOOKMARK [1][-]{appendix.E}{\376\377\000C\000o\000n\000c\000e\000p\000t\000\040\000q\000u\000e\000s\000t\000i\000o\000n\000s\000\040\000a\000n\000d\000\040\000a\000n\000s\000w\000e\000r\000\040\000s\000k\000e\000t\000c\000h\000e\000s}{}% 140
\BOOKMARK [1][-]{Item.55}{\376\377\000A\000d\000d\000e\000n\000d\000u\000m\000:\000\040\000f\000u\000l\000l\000-\000f\000i\000e\000l\000d\000\040\000o\000p\000e\000r\000a\000t\000o\000r\000\040\000s\000u\000r\000r\000o\000g\000a\000t\000e\000\040\000f\000o\000r\000m\000u\000l\000a\000t\000i\000o\000n}{}% 141
